<?xml version="1.0" encoding="utf-8"?><testsuites><testsuite name="pytest" errors="0" failures="0" skipped="0" tests="4" time="11.693" timestamp="2023-10-25T15:07:55.463303" hostname="Andres"><testcase classname="tests.api.test_api.TestBatchPipeline" name="test_should_failed_unkown_column_1" time="0.105" /><testcase classname="tests.api.test_api.TestBatchPipeline" name="test_should_failed_unkown_column_2" time="0.031" /><testcase classname="tests.api.test_api.TestBatchPipeline" name="test_should_failed_unkown_column_3" time="0.031" /><testcase classname="tests.api.test_api.TestBatchPipeline" name="test_should_get_predict" time="0.134" /></testsuite></testsuites>